0.396: [GC0.396: [ParNew: 4352K->563K(5440K), 0.0022390 secs] 4352K->563K(31680K), 0.0023590 secs] [Times: user=0.00 sys=0.00, real=0.01 secs] 
1.840: [GC1.840: [ParNew: 4915K->1088K(5440K), 0.0047260 secs] 4915K->1101K(31680K), 0.0048510 secs] [Times: user=0.02 sys=0.00, real=0.00 secs] 
3.157: [GC3.157: [ParNew: 5440K->1079K(5440K), 0.0104790 secs] 5453K->2024K(31680K), 0.0105460 secs] [Times: user=0.03 sys=0.01, real=0.01 secs] 
4.661: [GC4.661: [ParNew: 5431K->724K(5440K), 0.0058260 secs] 6376K->2523K(31680K), 0.0059230 secs] [Times: user=0.02 sys=0.00, real=0.00 secs] 
6.013: [GC6.014: [ParNew: 5076K->1088K(5440K), 0.0046600 secs] 6875K->3138K(31680K), 0.0047710 secs] [Times: user=0.03 sys=0.00, real=0.01 secs] 
7.426: [GC7.426: [ParNew: 5163K->616K(5440K), 0.0029330 secs] 7213K->3840K(31680K), 0.0029920 secs] [Times: user=0.01 sys=0.01, real=0.00 secs] 
8.742: [GC8.742: [ParNew: 4968K->1088K(5440K), 0.0022390 secs] 8192K->4714K(31680K), 0.0022990 secs] [Times: user=0.00 sys=0.00, real=0.00 secs] 
10.274: [GC10.274: [ParNew: 5440K->822K(5440K), 0.0022150 secs] 9066K->5537K(31680K), 0.0022810 secs] [Times: user=0.00 sys=0.00, real=0.00 secs] 
11.327: [GC11.327: [ParNew: 5174K->1088K(5440K), 0.0021220 secs] 9889K->5812K(31680K), 0.0021710 secs] [Times: user=0.00 sys=0.01, real=0.00 secs] 
11.438: [GC11.438: [ParNew: 5440K->874K(5440K), 0.0038190 secs] 10164K->7690K(31680K), 0.0038780 secs] [Times: user=0.01 sys=0.00, real=0.00 secs] 
12.380: [GC12.380: [ParNew: 5226K->1088K(5440K), 0.0024300 secs] 12042K->7975K(31680K), 0.0024970 secs] [Times: user=0.00 sys=0.00, real=0.00 secs] 
13.336: [GC13.336: [ParNew: 5440K->1086K(5440K), 0.0069390 secs] 12327K->8995K(31680K), 0.0070340 secs] [Times: user=0.02 sys=0.00, real=0.01 secs] 
14.867: [GC14.867: [ParNew: 5438K->1024K(5440K), 0.0067990 secs] 13347K->8934K(31680K), 0.0068960 secs] [Times: user=0.02 sys=0.00, real=0.01 secs] 
16.366: [GC16.366: [ParNew: 5376K->1088K(5440K), 0.0043850 secs] 13286K->9445K(31680K), 0.0045110 secs] [Times: user=0.02 sys=0.00, real=0.01 secs] 
17.378: [GC17.378: [ParNew: 4197K->1086K(5440K), 0.0033210 secs] 12555K->9972K(31680K), 0.0033720 secs] [Times: user=0.01 sys=0.01, real=0.00 secs] 
18.420: [GC18.420: [ParNew: 5438K->997K(5440K), 0.0050840 secs] 14324K->11784K(31680K), 0.0051810 secs] [Times: user=0.02 sys=0.00, real=0.00 secs] 
19.955: [GC19.955: [ParNew: 5349K->1088K(5440K), 0.0109450 secs] 16136K->12171K(31680K), 0.0110330 secs] [Times: user=0.03 sys=0.01, real=0.01 secs] 
21.424: [GC21.424: [ParNew: 5440K->1088K(5440K), 0.0070920 secs] 16523K->12884K(31680K), 0.0071490 secs] [Times: user=0.03 sys=0.00, real=0.01 secs] 
22.954: [GC22.954: [ParNew: 5440K->1088K(5440K), 0.0033690 secs] 17236K->13225K(31680K), 0.0034230 secs] [Times: user=0.01 sys=0.01, real=0.00 secs] 
24.423: [GC24.423: [ParNew: 5440K->1088K(5440K), 0.0077370 secs] 17577K->13858K(31680K), 0.0078030 secs] [Times: user=0.02 sys=0.00, real=0.01 secs] 
25.982: [GC25.982: [ParNew: 5440K->1088K(5440K), 0.0094300 secs] 18210K->14299K(31680K), 0.0094870 secs] [Times: user=0.03 sys=0.00, real=0.01 secs] 
25.991: [GC [1 CMS-initial-mark: 13211K(26240K)] 14385K(31680K), 0.0007700 secs] [Times: user=0.00 sys=0.00, real=0.00 secs] 
25.992: [CMS-concurrent-mark-start]
26.007: [CMS-concurrent-mark: 0.014/0.014 secs] [Times: user=0.02 sys=0.00, real=0.01 secs] 
26.007: [CMS-concurrent-preclean-start]
26.007: [CMS-concurrent-preclean: 0.000/0.000 secs] [Times: user=0.00 sys=0.00, real=0.00 secs] 
26.007: [GC[YG occupancy: 1188 K (5440 K)]26.007: [Rescan (parallel) , 0.0003630 secs]26.007: [weak refs processing, 0.0000070 secs]26.007: [scrub string table, 0.0001300 secs] [1 CMS-remark: 13211K(26240K)] 14399K(31680K), 0.0005450 secs] [Times: user=0.00 sys=0.00, real=0.00 secs] 
26.007: [CMS-concurrent-sweep-start]
26.011: [CMS-concurrent-sweep: 0.004/0.004 secs] [Times: user=0.00 sys=0.00, real=0.01 secs] 
26.011: [CMS-concurrent-reset-start]
26.012: [CMS-concurrent-reset: 0.001/0.001 secs] [Times: user=0.00 sys=0.00, real=0.00 secs] 
26.747: [GC26.747: [ParNew: 5440K->923K(5440K), 0.0029840 secs] 16379K->14494K(31680K), 0.0030480 secs] [Times: user=0.01 sys=0.00, real=0.00 secs] 
28.282: [GC28.282: [ParNew: 5275K->976K(5440K), 0.0031540 secs] 18846K->14834K(31680K), 0.0032410 secs] [Times: user=0.02 sys=0.00, real=0.00 secs] 
29.772: [GC29.772: [ParNew: 5328K->1088K(5440K), 0.0079560 secs] 19186K->15602K(31680K), 0.0080470 secs] [Times: user=0.03 sys=0.01, real=0.01 secs] 
31.305: [GC31.305: [ParNew: 5440K->1088K(5440K), 0.0117290 secs] 19954K->15871K(31680K), 0.0118300 secs] [Times: user=0.03 sys=0.00, real=0.01 secs] 
32.747: [GC32.747: [ParNew: 5440K->1088K(5440K), 0.0059880 secs] 20223K->16496K(31680K), 0.0060560 secs] [Times: user=0.02 sys=0.01, real=0.01 secs] 
34.312: [GC34.312: [ParNew: 5440K->1088K(5440K), 0.0098460 secs] 20848K->16900K(31680K), 0.0099830 secs] [Times: user=0.02 sys=0.00, real=0.01 secs] 
35.843: [GC35.843: [ParNew: 5440K->1088K(5440K), 0.0033110 secs] 21252K->17380K(31680K), 0.0033870 secs] [Times: user=0.01 sys=0.00, real=0.00 secs] 
37.310: [GC37.310: [ParNew: 5440K->1088K(5440K), 0.0080720 secs] 21732K->17950K(31680K), 0.0081440 secs] [Times: user=0.03 sys=0.00, real=0.01 secs] 
38.843: [GC38.843: [ParNew: 5440K->1088K(5440K), 0.0076540 secs] 22302K->18232K(31680K), 0.0077840 secs] [Times: user=0.02 sys=0.00, real=0.01 secs] 
39.825: [GC39.825: [ParNew: 3943K->1088K(5440K), 0.0126010 secs] 21087K->18860K(31680K), 0.0127030 secs] [Times: user=0.04 sys=0.00, real=0.01 secs] 
40.251: [GC40.251: [ParNew: 5440K->885K(5440K), 0.0090450 secs] 23212K->22163K(31680K), 0.0091290 secs] [Times: user=0.02 sys=0.01, real=0.01 secs] 
40.260: [GC [1 CMS-initial-mark: 21278K(26240K)] 22230K(31680K), 0.0004490 secs] [Times: user=0.00 sys=0.00, real=0.00 secs] 
40.261: [CMS-concurrent-mark-start]
40.278: [CMS-concurrent-mark: 0.017/0.017 secs] [Times: user=0.02 sys=0.00, real=0.02 secs] 
40.278: [CMS-concurrent-preclean-start]
40.278: [CMS-concurrent-preclean: 0.000/0.000 secs] [Times: user=0.00 sys=0.00, real=0.00 secs] 
40.278: [GC[YG occupancy: 1030 K (5440 K)]40.278: [Rescan (parallel) , 0.0002410 secs]40.278: [weak refs processing, 0.0000280 secs]40.278: [scrub string table, 0.0001370 secs] [1 CMS-remark: 21278K(26240K)] 22309K(31680K), 0.0004450 secs] [Times: user=0.00 sys=0.00, real=0.00 secs] 
40.279: [CMS-concurrent-sweep-start]
40.285: [CMS-concurrent-sweep: 0.006/0.006 secs] [Times: user=0.00 sys=0.00, real=0.00 secs] 
40.285: [CMS-concurrent-reset-start]
40.285: [CMS-concurrent-reset: 0.000/0.000 secs] [Times: user=0.00 sys=0.00, real=0.00 secs] 
41.694: [GC41.694: [ParNew: 5237K->1088K(5440K), 0.0061580 secs] 22713K->18563K(31680K), 0.0062560 secs] [Times: user=0.02 sys=0.01, real=0.01 secs] 
43.252: [GC43.252: [ParNew: 5440K->1088K(5440K), 0.0082240 secs] 22915K->19257K(31680K), 0.0082940 secs] [Times: user=0.01 sys=0.01, real=0.01 secs] 
44.721: [GC44.721: [ParNew: 5440K->1088K(5440K), 0.0060860 secs] 23609K->19735K(31680K), 0.0061910 secs] [Times: user=0.02 sys=0.00, real=0.00 secs] 
46.254: [GC46.254: [ParNew: 5440K->1088K(5440K), 0.0062250 secs] 24087K->20023K(31680K), 0.0063200 secs] [Times: user=0.02 sys=0.00, real=0.01 secs] 
47.780: [GC47.780: [ParNew: 5440K->1087K(5440K), 0.0095330 secs] 24375K->20652K(31680K), 0.0096230 secs] [Times: user=0.03 sys=0.00, real=0.01 secs] 
49.249: [GC49.249: [ParNew: 5439K->1088K(5440K), 0.0097600 secs] 25004K->21360K(31680K), 0.0098220 secs] [Times: user=0.04 sys=0.00, real=0.02 secs] 
50.784: [GC50.784: [ParNew: 5440K->1088K(5440K), 0.0108950 secs] 25712K->21654K(31680K), 0.0109980 secs] [Times: user=0.03 sys=0.01, real=0.01 secs] 
52.312: [GC52.312: [ParNew: 5440K->1088K(5440K), 0.0069530 secs] 26006K->22182K(31680K), 0.0070090 secs] [Times: user=0.03 sys=0.00, real=0.01 secs] 
53.782: [GC53.782: [ParNew: 5440K->1088K(5440K), 0.0121990 secs] 26534K->22667K(31680K), 0.0123060 secs] [Times: user=0.04 sys=0.01, real=0.01 secs] 
55.318: [GC55.318: [ParNew: 5440K->1088K(5440K), 0.0073720 secs] 27019K->23157K(31680K), 0.0074830 secs] [Times: user=0.02 sys=0.01, real=0.00 secs] 
56.812: [GC56.812: [ParNew: 5440K->1088K(5440K), 0.0083270 secs] 27509K->23629K(31680K), 0.0084740 secs] [Times: user=0.03 sys=0.00, real=0.01 secs] 
58.337: [GC58.337: [ParNew: 5440K->1088K(5440K), 0.0067670 secs] 27981K->24068K(31680K), 0.0068310 secs] [Times: user=0.02 sys=0.00, real=0.01 secs] 
59.864: [GC59.864: [ParNew: 5440K->1088K(5440K), 0.0098480 secs] 28420K->24637K(31680K), 0.0099460 secs] [Times: user=0.03 sys=0.01, real=0.01 secs] 
60.018: [GC60.018: [ParNew: 1622K->1088K(5440K), 0.0055670 secs]60.023: [CMS: 23733K->23455K(26240K), 0.0550700 secs] 25171K->23455K(31680K), [CMS Perm : 8334K->8251K(16384K)], 0.0607840 secs] [Times: user=0.06 sys=0.01, real=0.07 secs] 
60.079: [Full GC60.079: [CMS: 23455K->23421K(26240K), 0.0538840 secs] 23455K->23421K(31680K), [CMS Perm : 8251K->8198K(16384K)], 0.0539250 secs] [Times: user=0.05 sys=0.00, real=0.05 secs] 
Heap
 par new generation   total 5440K, used 206K [0x00000000f3a00000, 0x00000000f4060000, 0x00000000f4060000)
  eden space 4352K,   4% used [0x00000000f3a00000, 0x00000000f3a33b98, 0x00000000f3e40000)
  from space 1088K,   0% used [0x00000000f3e40000, 0x00000000f3e40000, 0x00000000f3f50000)
  to   space 1088K,   0% used [0x00000000f3f50000, 0x00000000f3f50000, 0x00000000f4060000)
 concurrent mark-sweep generation total 26240K, used 23421K [0x00000000f4060000, 0x00000000f5a00000, 0x00000000f5a00000)
 concurrent-mark-sweep perm gen total 16384K, used 8213K [0x00000000f5a00000, 0x00000000f6a00000, 0x0000000100000000)
